	Command being timed: "/home/vltanh/Downloads/DSC_journal/CVC/bin/cluster_merger Weighted --edgelist /home/vltanh/Downloads/DSC_journal/CVC/examples/input/dnc.csv --clustering-list /home/vltanh/Downloads/DSC_journal/CVC/examples/output/dnc/merge/fmrkc-cvc/merged/clustering_list.txt --weighting-strategy 0 --threshold 0.5 --num-processors 1 --output-file  --output-weighted-graph /home/vltanh/Downloads/DSC_journal/CVC/examples/output/dnc/merge/fmrkc-cvc/merged/edge.csv --log-file /home/vltanh/Downloads/DSC_journal/CVC/examples/output/dnc/merge/fmrkc-cvc/merged/run.log --log-level 1"
	User time (seconds): 0.02
	System time (seconds): 0.00
	Percent of CPU this job got: 100%
	Elapsed (wall clock) time (h:mm:ss or m:ss): 0:00.03
	Average shared text size (kbytes): 0
	Average unshared data size (kbytes): 0
	Average stack size (kbytes): 0
	Average total size (kbytes): 0
	Maximum resident set size (kbytes): 7864
	Average resident set size (kbytes): 0
	Major (requiring I/O) page faults: 0
	Minor (reclaiming a frame) page faults: 1140
	Voluntary context switches: 2
	Involuntary context switches: 3
	Swaps: 0
	File system inputs: 0
	File system outputs: 216
	Socket messages sent: 0
	Socket messages received: 0
	Signals delivered: 0
	Page size (bytes): 4096
	Exit status: 0
