	Command being timed: "python /home/vltanh/Downloads/DSC_journal/CVC/scripts/methods/run_leiden.py --edgelist /home/vltanh/Downloads/DSC_journal/CVC/examples/input/dnc.csv --output-directory /home/vltanh/Downloads/DSC_journal/CVC/examples/output/dnc/clusterings/leiden-mod --model mod"
	User time (seconds): 0.42
	System time (seconds): 0.04
	Percent of CPU this job got: 99%
	Elapsed (wall clock) time (h:mm:ss or m:ss): 0:00.46
	Average shared text size (kbytes): 0
	Average unshared data size (kbytes): 0
	Average stack size (kbytes): 0
	Average total size (kbytes): 0
	Maximum resident set size (kbytes): 119612
	Average resident set size (kbytes): 0
	Major (requiring I/O) page faults: 0
	Minor (reclaiming a frame) page faults: 20500
	Voluntary context switches: 22
	Involuntary context switches: 58
	Swaps: 0
	File system inputs: 0
	File system outputs: 32
	Socket messages sent: 0
	Socket messages received: 0
	Signals delivered: 0
	Page size (bytes): 4096
	Exit status: 0
