	Command being timed: "env RTREX_BIN=/home/vltanh/Downloads/DSC_journal/CVC/bin/RTRex python /home/vltanh/Downloads/DSC_journal/CVC/scripts/methods/run_RTRex.py --edgelist /home/vltanh/Downloads/DSC_journal/CVC/examples/input/dnc.csv --output-directory /home/vltanh/Downloads/DSC_journal/CVC/examples/output/dnc/clusterings/RTRex"
	User time (seconds): 0.20
	System time (seconds): 0.03
	Percent of CPU this job got: 99%
	Elapsed (wall clock) time (h:mm:ss or m:ss): 0:00.23
	Average shared text size (kbytes): 0
	Average unshared data size (kbytes): 0
	Average stack size (kbytes): 0
	Average total size (kbytes): 0
	Maximum resident set size (kbytes): 85816
	Average resident set size (kbytes): 0
	Major (requiring I/O) page faults: 0
	Minor (reclaiming a frame) page faults: 13992
	Voluntary context switches: 26
	Involuntary context switches: 51
	Swaps: 0
	File system inputs: 0
	File system outputs: 424
	Socket messages sent: 0
	Socket messages received: 0
	Signals delivered: 0
	Page size (bytes): 4096
	Exit status: 0
