	Command being timed: "python /home/vltanh/Downloads/DSC_journal/CVC/scripts/unweight.py --input-network /home/vltanh/Downloads/DSC_journal/CVC/examples/output/dnc/merge/fmrkc-cvc/merged/edge.csv --output-network /home/vltanh/Downloads/DSC_journal/CVC/examples/output/dnc/merge/fmrkc-cvc/unweighted/edge.csv"
	User time (seconds): 0.18
	System time (seconds): 0.02
	Percent of CPU this job got: 98%
	Elapsed (wall clock) time (h:mm:ss or m:ss): 0:00.21
	Average shared text size (kbytes): 0
	Average unshared data size (kbytes): 0
	Average stack size (kbytes): 0
	Average total size (kbytes): 0
	Maximum resident set size (kbytes): 84044
	Average resident set size (kbytes): 0
	Major (requiring I/O) page faults: 0
	Minor (reclaiming a frame) page faults: 13099
	Voluntary context switches: 22
	Involuntary context switches: 56
	Swaps: 0
	File system inputs: 0
	File system outputs: 144
	Socket messages sent: 0
	Socket messages received: 0
	Signals delivered: 0
	Page size (bytes): 4096
	Exit status: 0
