	Command being timed: "/home/vltanh/Downloads/DSC_journal/CVC/bin/constrained_clustering MincutOnly --connectedness-criterion 1log_10(n) --edgelist /home/vltanh/Downloads/DSC_journal/CVC/examples/output/dnc/merge/fmrkc-cvc/unweighted/edge.csv --existing-clustering /home/vltanh/Downloads/DSC_journal/CVC/examples/output/dnc/merge/fmrkc-cvc/final/com.csv --num-processors 1 --output-file /home/vltanh/Downloads/DSC_journal/CVC/examples/output/dnc/merge/fmrkc-cvc/final+wcc/com.csv --log-file /home/vltanh/Downloads/DSC_journal/CVC/examples/output/dnc/merge/fmrkc-cvc/final+wcc/wcc.log --log-level 1"
	User time (seconds): 0.25
	System time (seconds): 0.45
	Percent of CPU this job got: 1772%
	Elapsed (wall clock) time (h:mm:ss or m:ss): 0:00.04
	Average shared text size (kbytes): 0
	Average unshared data size (kbytes): 0
	Average stack size (kbytes): 0
	Average total size (kbytes): 0
	Maximum resident set size (kbytes): 10848
	Average resident set size (kbytes): 0
	Major (requiring I/O) page faults: 0
	Minor (reclaiming a frame) page faults: 1167
	Voluntary context switches: 29
	Involuntary context switches: 137
	Swaps: 0
	File system inputs: 0
	File system outputs: 16
	Socket messages sent: 0
	Socket messages received: 0
	Signals delivered: 0
	Page size (bytes): 4096
	Exit status: 0
